// Jest Snapshot v1, https://goo.gl/fbAQLP

exports[`rmrk2.0.0 Base: Base should match snapshot 1`] = `"RMRK::BASE::2.0.0::%7B%22symbol%22%3A%22KBASE777%22%2C%22type%22%3A%22svg%22%2C%22issuer%22%3A%225GrwvaEF5zXb26Fz9rcQpDWS57CtERHpNehXCPcNoHGKutQY%22%2C%22parts%22%3A%5B%7B%22id%22%3A%22background%22%2C%22type%22%3A%22slot%22%2C%22equippable%22%3A%5B%5D%2C%22z%22%3A0%7D%2C%7B%22id%22%3A%22backpack%22%2C%22type%22%3A%22slot%22%2C%22equippable%22%3A%5B%22d43593c715a56da27d-KANARIABIRDS%22%5D%2C%22z%22%3A1%7D%2C%7B%22id%22%3A%22tail%22%2C%22type%22%3A%22fixed%22%2C%22src%22%3A%22ipfs%3A%2F%2Fipfs%2FQmcEuigDVCScMLs2dcrJ8qU4Q265xGisUyKeYdnnGFn6AE%2Fvar3_tail.svg%22%2C%22z%22%3A2%7D%5D%7D"`;

exports[`rmrk2.0.0 Base: Change issuer should match snapshot 1`] = `"RMRK::CHANGEISSUER::2.0.0::base-1-KBASE777::5FHneW46xGXgs5mUiveU4sbTyGBzmstUspZC92UhjJM694ty"`;
